[dotenv@17.3.1] injecting env (3) from .env -- tip: ≡ƒöÉ prevent committing .env to code: https://dotenvx.com/precommit
Attempting to connect to MongoDB...
URI: mongodb+srv:****@cluster0.rptjdx8.mongodb.net/?appName=Cluster0
node : Γ¥î Connection Failed!
At line:1 char:1
+ node test-db.js > 
test-output.txt 2>&1
+ ~~~~~~~~~~~~~~~~~~~~~~~~~~~
~~~~~~~~~~~
    + CategoryInfo           
   : NotSpecified: (Γ¥î Con  
  nection Failed!:String)    
 [], RemoteException
    + FullyQualifiedErrorId  
   : NativeCommandError
 
Error Name: 
MongooseServerSelectionError
Error Message: 
E46F0000:error:0A000438:SSL r
outines:ssl3_read_bytes:tlsv1
 alert internal error:c:\ws\d
eps\openssl\openssl\ssl\recor
d\rec_layer_s3.c:1605:SSL 
alert number 80

Full Error: MongooseServerSel
ectionError: 
E46F0000:error:0A000438:SSL r
outines:ssl3_read_bytes:tlsv1
 alert internal error:c:\ws\d
eps\openssl\openssl\ssl\recor
d\rec_layer_s3.c:1605:SSL 
alert number 80

    at 
_handleConnectionErrors (C:\U
sers\Asus\Desktop\weather\nod
e_modules\mongoose\lib\connec
tion.js:1168:11)
    at 
NativeConnection.openUri (C:\
Users\Asus\Desktop\weather\no
de_modules\mongoose\lib\conne
ction.js:1099:11)
    at runNextTicks (node:int
ernal/process/task_queues:65:
5)
    at process.processTimers 
(node:internal/timers:520:9) 
{
  errorLabelSet: Set(0) {},
  reason: 
TopologyDescription {
    type: 
'ReplicaSetNoPrimary',
    servers: Map(3) {
      'ac-hvnnqci-shard-00-01
.rptjdx8.mongodb.net:27017' 
=> [ServerDescription],
      'ac-hvnnqci-shard-00-02
.rptjdx8.mongodb.net:27017' 
=> [ServerDescription],
      'ac-hvnnqci-shard-00-00
.rptjdx8.mongodb.net:27017' 
=> [ServerDescription]
    },
    stale: false,
    compatible: true,
    heartbeatFrequencyMS: 
10000,
    localThresholdMS: 15,
    setName: 
'atlas-66cgk2-shard-0',
    maxElectionId: null,
    maxSetVersion: null,
    commonWireVersion: 25,
    logicalSessionTimeoutMinu
tes: 30
  },
  code: undefined,
  cause: TopologyDescription 
{
    type: 
'ReplicaSetNoPrimary',
    servers: Map(3) {
      'ac-hvnnqci-shard-00-01
.rptjdx8.mongodb.net:27017' 
=> [ServerDescription],
      'ac-hvnnqci-shard-00-02
.rptjdx8.mongodb.net:27017' 
=> [ServerDescription],
      'ac-hvnnqci-shard-00-00
.rptjdx8.mongodb.net:27017' 
=> [ServerDescription]
    },
    stale: false,
    compatible: true,
    heartbeatFrequencyMS: 
10000,
    localThresholdMS: 15,
    setName: 
'atlas-66cgk2-shard-0',
    maxElectionId: null,
    maxSetVersion: null,
    commonWireVersion: 25,
    logicalSessionTimeoutMinu
tes: 30
  }
}
